---
source: src/repetitions.rs
expression: "grammar::parse(\"1, 2\")"
---
Err(
    [
        ParseError {
            reason: UnexpectedToken(
                ",",
            ),
            start: 1,
            end: 1,
        },
        ParseError {
            reason: UnexpectedToken(
                "_2",
            ),
            start: 3,
            end: 3,
        },
    ],
)
