---
source: src/regex_grammar.rs
expression: "grammar::parse(\"a|b\")"
---
Err(
    [
        ParseError {
            reason: UnexpectedToken(
                "end",
            ),
            start: 0,
            end: 0,
        },
        ParseError {
            reason: UnexpectedToken(
                "\"|\"",
            ),
            start: 1,
            end: 1,
        },
        ParseError {
            reason: UnexpectedToken(
                "end",
            ),
            start: 2,
            end: 2,
        },
        ParseError {
            reason: UnexpectedToken(
                "end",
            ),
            start: 3,
            end: 3,
        },
    ],
)
