---
source: src/arithmetic.rs
expression: "grammar::parse(\"1 + 2\")"
---
Err(
    [
        ParseError {
            reason: UnexpectedToken(
                "end",
            ),
            start: 2,
            end: 2,
        },
        ParseError {
            reason: UnexpectedToken(
                "end",
            ),
            start: 2,
            end: 2,
        },
        ParseError {
            reason: UnexpectedToken(
                "end",
            ),
            start: 5,
            end: 5,
        },
        ParseError {
            reason: UnexpectedToken(
                "end",
            ),
            start: 5,
            end: 5,
        },
    ],
)
