---
source: src/optionals.rs
expression: "grammar::parse(\"1_.\")"
---
Err(
    [
        ParseError {
            reason: UnexpectedToken(
                "_2",
            ),
            start: 0,
            end: 0,
        },
        ParseError {
            reason: UnexpectedToken(
                ".",
            ),
            start: 2,
            end: 2,
        },
    ],
)
