---
source: example/src/repetitions.rs
assertion_line: 77
expression: "grammar::parse(\"1, 2\")"
---
Ok(
    NumberList {
        numbers: Spanned {
            value: [
                Spanned {
                    value: 1,
                    span: (
                        0,
                        1,
                    ),
                },
            ],
            span: (
                0,
                1,
            ),
        },
    },
)
