   Compiling rust-sitter v0.8.0-dev (/home/steven/code/rust-sitter/runtime)
   Compiling rust-sitter-python-simple v0.1.0 (/home/steven/code/rust-sitter/grammars/python-simple)
   Compiling rust-sitter-python v0.1.0 (/home/steven/code/rust-sitter/grammars/python)
   Compiling rust-sitter-example v0.8.0-dev (/home/steven/code/rust-sitter/example)
   Compiling test-vec-wrapper v0.1.0 (/home/steven/code/rust-sitter/grammars/test-vec-wrapper)
   Compiling rust-sitter-javascript v0.1.0 (/home/steven/code/rust-sitter/grammars/javascript)
   Compiling test-mini v0.1.0 (/home/steven/code/rust-sitter/test-mini)
   Compiling rust-sitter-go v0.1.0 (/home/steven/code/rust-sitter/grammars/go)
   Compiling rust-sitter-tablegen v0.8.0-dev (/home/steven/code/rust-sitter/tablegen)
   Compiling rust-sitter-playground v0.1.0 (/home/steven/code/rust-sitter/playground)
   Compiling rust-sitter-testing v0.1.0 (/home/steven/code/rust-sitter/testing)
   Compiling rust-sitter-cli v0.8.0-dev (/home/steven/code/rust-sitter/cli)
   Compiling rust-sitter-benchmarks v0.1.0 (/home/steven/code/rust-sitter/benchmarks)
   Compiling rust-sitter-wasm-demo v0.1.0 (/home/steven/code/rust-sitter/wasm-demo)
    Finished `test` profile [unoptimized + debuginfo] target(s) in 33.45s
     Running unittests src/main.rs (/home/steven/.rust-build/target/debug/deps/downstream_demo-ef573c24acb1cc31)

running 0 tests

test result: ok. 0 passed; 0 failed; 0 ignored; 0 measured; 0 filtered out; finished in 0.00s

     Running unittests src/lib.rs (/home/steven/.rust-build/target/debug/deps/glr_test_support-1e3fddeef54e254e)

running 0 tests

test result: ok. 0 passed; 0 failed; 0 ignored; 0 measured; 0 filtered out; finished in 0.00s

     Running unittests src/lib.rs (/home/steven/.rust-build/target/debug/deps/rust_sitter-68e74b6abb968905)

running 103 tests
test arena_allocator::tests::test_arena_clear ... ok
test arena_allocator::tests::test_arena_slice ... ok
test arena_allocator::tests::test_basic_arena ... ok
test decoder::tests::test_action_decoding ... ok
test arena_allocator::tests::test_typed_arena ... ok
test decoder::tests::test_decoder_safety ... ok
test error_recovery::tests2::test_error_recovery_config_can_delete ... ok
test error_recovery::tests2::test_error_recovery_config_can_replace ... ok
test error_recovery::tests2::test_error_recovery_config_default ... ok
test error_recovery::tests2::test_error_recovery_state_creation ... ok
test error_recovery::tests2::test_error_recovery_state_increment_errors ... ok
test error_recovery::tests2::test_error_recovery_state_reset_errors ... ok
test error_recovery::tests2::test_error_recovery_state_scope_operations ... ok
test error_recovery::tests2::test_error_recovery_state_should_give_up ... ok
test error_recovery::tests2::test_error_recovery_state_update_recent_tokens ... ok
test error_recovery::tests2::test_recovery_action ... ok
test error_recovery::tests2::test_recovery_heuristics ... ok
test error_recovery::tests2::test_recovery_strategy ... ok
test error_recovery::tests::test_config_builder ... ok
test error_recovery::tests::test_error_recording ... ok
test error_recovery::tests::test_error_recovery_config ... ok
test error_recovery::tests::test_recovery_state_creation ... ok
test error_recovery::tests::test_recovery_strategy_selection ... ok
test error_recovery::tests::test_scope_tracking ... ok
test error_reporting::tests::test_error_reporter ... ok
test error_reporting::tests::test_error_display ... ok
test external_scanner::tests::test_comment_scanner ... ok
test external_scanner::tests::test_scanner_state_serialization ... ok
test external_scanner::tests::test_string_scanner ... ok
test external_scanner::tests::test_string_scanner_escapes ... ok
test external_scanner_ffi::tests::test_rust_lexer_adapter ... ok
test glr_incremental::tests::test_chunk_identifier ... ok
test glr_incremental::tests::test_forest_node_overlap ... ok
test glr_incremental::tests::test_fork_tracker ... ok
test glr_incremental::tests::test_subtree_reuse_counter ... ok
test glr_lexer::tests::test_literal_token_matching ... ok
test glr_parser::tests::test_dynamic_precedence_accumulation ... ok
test glr_parser::tests::test_parse_stack_creation ... ok
test glr_parser::tests::test_parse_stack_fork ... ok
test glr_query::tests::test_query_parser_simple ... ok
test glr_query::tests::test_query_parser_with_captures ... ok
test glr_lexer::tests::test_multibyte_character_handling ... ok
test glr_lexer::tests::test_utf8_boundary_safety ... ok
test glr_tree_bridge::tests::test_glr_node_api ... ok
test glr_tree_bridge::tests::test_tree_cursor ... ok
test glr_query::tests::test_query_parser_with_quantifiers ... ok
test glr_validation::tests::test_empty_grammar_error ... ok
test lexer::tests::test_literal_pattern ... ok
test linecol::tests::test_basic_newline_tracking ... ok
test linecol::tests::test_cr_only ... ok
test linecol::tests::test_process_byte ... ok
test glr_tree_bridge::tests::test_child_edge_size ... ok
test optimizations::tests::test_memory_pool ... ok
test glr_lexer::tests::test_mixed_tokens ... ok
test optimizations::tests::test_perf_stats ... ok
test parser_v4::tests::test_parser_with_external_scanner ... ok
test pure_external_scanner::tests::test_lexer_advance ... ok
test pure_external_scanner::tests::test_lexer_skip ... ok
test pure_external_scanner::tests::test_string_scanner ... ok
test lexer::tests::test_error_recovery_skip_char ... ok
test pure_parser::tests::test_parser_creation ... ok
test pure_parser::tests::test_point_advance ... ok
test pure_incremental::tests::test_edit_creation ... ok
test query::compiler::tests::test_query_with_capture ... ok
test query::predicate_eval::tests::test_eq_captures ... ok
test query::predicate_eval::tests::test_any_of ... ok
test pure_incremental::tests::test_incremental_parser_creation ... ok
test query::predicate_eval::tests::test_eq_value ... ok
test linecol::tests::test_crlf_handling ... ok
test pure_incremental::tests::test_tree_edit ... ok
test glr_validation::tests::test_undefined_symbol_with_suggestions ... ok
test pure_parser::tests::test_empty_parse ... ok
test query::compiler::tests::test_query_with_field ... ok
test query::compiler::tests::test_query_with_predicate ... ok
test simd_lexer_v2::tests::test_fast_digits ... ok
test query::compiler::tests::test_simple_query ... ok
test simd_lexer_v2::tests::test_char_class ... ok
test simd_lexer_v2::tests::test_fast_identifier ... ok
test scanner_registry::tests::test_scanner_builder ... ok
test glr_validation::tests::test_left_recursion_detection ... ok
test stack_pool::tests::test_clone_stack ... ok
test scanner_registry::tests::test_scanner_registry ... ok
test stack_pool::tests::test_pool_basic_operations ... ok
test query::compiler::tests::test_query_with_quantifiers ... ok
test stack_pool::tests::test_pool_capacity_matching ... ok
test simd_lexer_v2::tests::test_fast_literals ... ok
test simd_lexer_v2::tests::test_fast_whitespace ... ok
test stack_pool::tests::test_pool_size_limit ... ok
test unified_parser::tests::test_parse_without_language ... ok
test query::matcher_v2::tests::test_predicate_matching ... ok
test unified_parser::tests::test_parser_creation ... ok
test visitor::tests2::test_skip_children_visitor ... ok
test visitor::tests2::test_stop_visitor ... ok
test stack_pool::tests::test_thread_local_pool ... ok
test visitor::tests2::test_tree_walker_creation ... ok
test visitor::tests2::test_visitor_action ... ok
test tree_bridge::tests::test_forest_to_v4_conversion ... ok
test tree_bridge::tests::test_v4_to_forest_conversion ... ok
test lexer::tests::test_regex_pattern ... ok
test lexer::tests::test_skip_symbols ... ok
test glr_lexer::tests::test_regex_token_matching ... ok
test lexer::tests::test_priority_order ... ok
test query::predicate_eval::tests::test_match_regex ... ok

test result: ok. 103 passed; 0 failed; 0 ignored; 0 measured; 0 filtered out; finished in 0.01s

     Running tests/ambiguous_grammar_test.rs (/home/steven/.rust-build/target/debug/deps/ambiguous_grammar_test-7fd839beecf2627f)

running 0 tests

test result: ok. 0 passed; 0 failed; 0 ignored; 0 measured; 0 filtered out; finished in 0.00s

     Running tests/api_contract.rs (/home/steven/.rust-build/target/debug/deps/api_contract-5d4ec5f257c97221)

running 5 tests
test api_contract_tests::test_core_types_exist ... ok
test api_contract_tests::test_module_structure ... ok
test api_contract_tests::test_extract_trait_exists ... ok
test api_contract_tests::test_no_breaking_changes ... ok
test api_contract_tests::test_type_sizes ... ok

test result: ok. 5 passed; 0 failed; 0 ignored; 0 measured; 0 filtered out; finished in 0.00s

     Running tests/common.rs (/home/steven/.rust-build/target/debug/deps/common-05dd5f7e666233b4)

running 0 tests

test result: ok. 0 passed; 0 failed; 0 ignored; 0 measured; 0 filtered out; finished in 0.00s

     Running tests/doc_coverage.rs (/home/steven/.rust-build/target/debug/deps/doc_coverage-69c35967e7ce4454)

running 0 tests

test result: ok. 0 passed; 0 failed; 0 ignored; 0 measured; 0 filtered out; finished in 0.00s

     Running tests/end_to_end.rs (/home/steven/.rust-build/target/debug/deps/end_to_end-7f7b66b491341d74)

running 3 tests
test test_lexer_error_recovery ... ok
test test_simple_parse ... ok
test test_lexer ... ok

test result: ok. 3 passed; 0 failed; 0 ignored; 0 measured; 0 filtered out; finished in 0.00s

     Running tests/external_scanner_blackbox.rs (/home/steven/.rust-build/target/debug/deps/external_scanner_blackbox-ded3df8ed81aefdd)

running 0 tests

test result: ok. 0 passed; 0 failed; 0 ignored; 0 measured; 0 filtered out; finished in 0.00s

     Running tests/external_scanner_column_test.rs (/home/steven/.rust-build/target/debug/deps/external_scanner_column_test-8b5b211515237807)

running 7 tests
test test_column_tracking_basic ... ok
test test_column_tracking_with_newlines ... ok
test test_column_tracking_with_skip ... ok
test test_column_tracking_with_utf8 ... ok
test test_column_tracking_with_crlf ... ok
test test_column_with_tabs ... ok
test test_initial_position_calculation ... ok

test result: ok. 7 passed; 0 failed; 0 ignored; 0 measured; 0 filtered out; finished in 0.00s

     Running tests/external_scanner_indent_test.rs (/home/steven/.rust-build/target/debug/deps/external_scanner_indent_test-3676203e69dc7202)

running 0 tests

test result: ok. 0 passed; 0 failed; 0 ignored; 0 measured; 0 filtered out; finished in 0.00s

     Running tests/external_scanner_nested_comments_test.rs (/home/steven/.rust-build/target/debug/deps/external_scanner_nested_comments_test-3c96a391007943ab)

running 0 tests

test result: ok. 0 passed; 0 failed; 0 ignored; 0 measured; 0 filtered out; finished in 0.00s

     Running tests/external_scanner_test.rs (/home/steven/.rust-build/target/debug/deps/external_scanner_test-afb9c0ba7f31e5d2)

running 2 tests
test test_indentation_scanner ... ok
test test_nested_comment_scanner ... ok

test result: ok. 2 passed; 0 failed; 0 ignored; 0 measured; 0 filtered out; finished in 0.00s

     Running tests/fields_smoke.rs (/home/steven/.rust-build/target/debug/deps/fields_smoke-5b1cd7506981c8b1)

running 4 tests
test test_field_names_in_function ... ignored, Grammar extraction macros not yet implemented
test test_nested_field_access ... ignored, Grammar extraction macros not yet implemented
test test_optional_field_access ... ignored, Grammar extraction macros not yet implemented
test test_repeated_field_access ... ignored, Grammar extraction macros not yet implemented

test result: ok. 0 passed; 0 failed; 4 ignored; 0 measured; 0 filtered out; finished in 0.00s

     Running tests/glr_epsilon_regression_test.rs (/home/steven/.rust-build/target/debug/deps/glr_epsilon_regression_test-fe670e881e94e854)

running 3 tests
test test_epsilon_epsilon_reductions_preserved ... ok
test test_epsilon_cycle_no_infinite_loop ... ok
test test_rr_conflict_multiple_paths_preserved ... ok

test result: ok. 3 passed; 0 failed; 0 ignored; 0 measured; 0 filtered out; finished in 0.00s

     Running tests/golden_tests.rs (/home/steven/.rust-build/target/debug/deps/golden_tests-77afe32441177f43)

running 10 tests
test fixture_runner::run_golden_fixture_dir ... ignored, enable when fixture files are present
test test_helpers::tests::test_normalize_json ... ok
test ts_compat_golden::json_array_heterogeneous ... ok
test pure_rust_golden::json_incremental_pure_rust ... ok
test pure_rust_golden::json_object_simple_pure_rust ... ok
test ts_compat_golden::json_error_recovery ... ok
test ts_compat_golden::json_incremental_smoke ... ok
test pure_rust_golden::json_error_recovery_pure_rust ... ok
test ts_compat_golden::json_nested ... ok
test ts_compat_golden::json_object_simple ... ok

test result: ok. 9 passed; 0 failed; 1 ignored; 0 measured; 0 filtered out; finished in 0.00s

     Running tests/incremental_equiv.rs (/home/steven/.rust-build/target/debug/deps/incremental_equiv-2215d8ae6e6ab6da)

running 1 test
test test_incremental_disabled ... ok

test result: ok. 1 passed; 0 failed; 0 ignored; 0 measured; 0 filtered out; finished in 0.00s

     Running tests/incremental_glr_comprehensive_test.rs (/home/steven/.rust-build/target/debug/deps/incremental_glr_comprehensive_test-82d765e74ea61943)

running 0 tests

test result: ok. 0 passed; 0 failed; 0 ignored; 0 measured; 0 filtered out; finished in 0.00s

     Running tests/incremental_integration_test.rs (/home/steven/.rust-build/target/debug/deps/incremental_integration_test-3446148e5ee58a0a)

running 5 tests
test test_deletion ... ignored, incremental parsing not enabled
test test_replacement ... ignored, incremental parsing not enabled
test test_simple_insertion ... ignored, incremental parsing not enabled
test test_correctness_over_performance ... ok
test test_fresh_parse_equals_incremental ... ok

test result: ok. 2 passed; 0 failed; 3 ignored; 0 measured; 0 filtered out; finished in 0.00s

     Running tests/incremental_reuse_test.rs (/home/steven/.rust-build/target/debug/deps/incremental_reuse_test-c9897f5f284609e8)

running 0 tests

test result: ok. 0 passed; 0 failed; 0 ignored; 0 measured; 0 filtered out; finished in 0.00s

     Running tests/integration_test.rs (/home/steven/.rust-build/target/debug/deps/integration_test-b96bb09a4480e4b9)

running 8 tests

thread 'test_cancellation' panicked at runtime/src/decoder.rs:170:28:
null pointer dereference occurred
note: run with `RUST_BACKTRACE=1` environment variable to display a backtrace
thread caused non-unwinding panic. aborting.
error: test failed, to rerun pass `-p rust-sitter --test integration_test`

Caused by:
  process didn't exit successfully: `/home/steven/.rust-build/target/debug/deps/integration_test-b96bb09a4480e4b9` (signal: 6, SIGABRT: process abort signal)
