---
source: ir/tests/snapshot_tests.rs
expression: after
---
  Symbol(4) -> Terminal(SymbolId(3)) NonTerminal(SymbolId(5))
  Symbol(5) -> 
  Symbol(5) -> Terminal(SymbolId(1)) NonTerminal(SymbolId(4)) NonTerminal(SymbolId(5))
  Symbol(5) -> Terminal(SymbolId(2)) NonTerminal(SymbolId(4)) NonTerminal(SymbolId(5))
