---
source: runtime/tests/parse_tree_snapshots.rs
expression: arith_result_to_sexpr(&result)
---
(ERROR ParseError { reason: UnexpectedToken("end"), start: 0, end: 0 }; ParseError { reason: UnexpectedToken("end"), start: 1, end: 1 }; ParseError { reason: UnexpectedToken("end"), start: 2, end: 2 }; ParseError { reason: UnexpectedToken("end"), start: 3, end: 3 })
