---
source: tablegen/tests/snapshot_codegen.rs
expression: json
---
[
  {
    "children": {
      "multiple": false,
      "required": true,
      "types": []
    },
    "named": true,
    "type": "rule_6"
  },
  {
    "named": true,
    "type": "identifier"
  },
  {
    "named": true,
    "type": "INDENT"
  },
  {
    "named": true,
    "type": "DEDENT"
  },
  {
    "named": true,
    "type": "NEWLINE"
  }
]
